exports[`test Leaderboards renders correctly 1`] = `
<div
  style={
    Object {
      "display": "flex",
      "flexWrap": "wrap"
    }
  }>
  <div
    className="card-panel"
    style={
      Object {
        "margin": 20,
        "minWidth": 300
      }
    }>
    <h5>
      goals
    </h5>
    <table
      className="highlight">
      <tbody>
        <tr
          style={
            Object {
              "lineHeight": 0.5
            }
          }>
          <td>
            Kevin Hughes
          </td>
          <td>
            2
          </td>
        </tr>
      </tbody>
    </table>
  </div>
  <div
    className="card-panel"
    style={
      Object {
        "margin": 20,
        "minWidth": 300
      }
    }>
    <h5>
      assists
    </h5>
    <table
      className="highlight">
      <tbody>
        <tr
          style={
            Object {
              "lineHeight": 0.5
            }
          }>
          <td>
            Kevin Hughes
          </td>
          <td>
            1
          </td>
        </tr>
      </tbody>
    </table>
  </div>
  <div
    className="card-panel"
    style={
      Object {
        "margin": 20,
        "minWidth": 300
      }
    }>
    <h5>
      catches
    </h5>
    <table
      className="highlight">
      <tbody>
        <tr
          style={
            Object {
              "lineHeight": 0.5
            }
          }>
          <td>
            Kevin Hughes
          </td>
          <td>
            17
          </td>
        </tr>
      </tbody>
    </table>
  </div>
  <div
    className="card-panel"
    style={
      Object {
        "margin": 20,
        "minWidth": 300
      }
    }>
    <h5>
      completions
    </h5>
    <table
      className="highlight">
      <tbody>
        <tr
          style={
            Object {
              "lineHeight": 0.5
            }
          }>
          <td>
            Kevin Hughes
          </td>
          <td>
            19
          </td>
        </tr>
      </tbody>
    </table>
  </div>
  <div
    className="card-panel"
    style={
      Object {
        "margin": 20,
        "minWidth": 300
      }
    }>
    <h5>
      d_blocks
    </h5>
    <table
      className="highlight">
      <tbody>
        <tr
          style={
            Object {
              "lineHeight": 0.5
            }
          }>
          <td>
            Kevin Hughes
          </td>
          <td>
            1
          </td>
        </tr>
      </tbody>
    </table>
  </div>
  <div
    className="card-panel"
    style={
      Object {
        "margin": 20,
        "minWidth": 300
      }
    }>
    <h5>
      throw_aways
    </h5>
    <table
      className="highlight">
      <tbody>
        <tr
          style={
            Object {
              "lineHeight": 0.5
            }
          }>
          <td>
            Kevin Hughes
          </td>
          <td>
            1
          </td>
        </tr>
      </tbody>
    </table>
  </div>
  <div
    className="card-panel"
    style={
      Object {
        "margin": 20,
        "minWidth": 300
      }
    }>
    <h5>
      drops
    </h5>
    <table
      className="highlight">
      <tbody>
        <tr
          style={
            Object {
              "lineHeight": 0.5
            }
          }>
          <td>
            Kevin Hughes
          </td>
          <td>
            0
          </td>
        </tr>
      </tbody>
    </table>
  </div>
</div>
`;
